---
source: libs/wingc/src/jsify/tests.rs
---
## Code

```w

    bring util;
    
    let foo = "test";
    
    test "returns after some time waiting" {
      let r = (): bool => { return true; };
      util.waitUntil(r);
    }
```

## inflight.$Closure1.js

```js
module.exports = function({ $util_Util }) {
  class $Closure1 {
    async handle() {
      const r = async () => {
        return true;
      }
      ;
      (await $util_Util.waitUntil(r));
    }
    constructor({  }) {
      const $obj = (...args) => this.handle(...args);
      Object.setPrototypeOf($obj, this);
      return $obj;
    }
  }
  return $Closure1;
}
```

## preflight.js

```js
const $stdlib = require('@winglang/sdk');
const $outdir = process.env.WING_SYNTH_DIR ?? ".";
const std = $stdlib.std;
const $wing_is_test = process.env.WING_IS_TEST === "true";
const $AppBase = $stdlib.core.App.for(process.env.WING_TARGET);
const util = require('@winglang/sdk').util;
class $Root extends $stdlib.std.Resource {
  constructor(scope, id) {
    super(scope, id);
    class $Closure1 extends $stdlib.std.Resource {
      constructor(scope, id, ) {
        super(scope, id);
        this.display.hidden = true;
        this._addInflightOps("handle", "$inflight_init");
      }
      static _toInflightType(context) {
        return $stdlib.core.NodeJsCode.fromInline(`
          require("./inflight.$Closure1.js")({
            $util_Util: ${context._lift(util.Util)},
          })
        `);
      }
      _toInflight() {
        return $stdlib.core.NodeJsCode.fromInline(`
          (await (async () => {
            const $Closure1Client = ${$Closure1._toInflightType(this).text};
            const client = new $Closure1Client({
            });
            if (client.$inflight_init) { await client.$inflight_init(); }
            return client;
          })())
        `);
      }
    }
    const foo = "test";
    this.node.root.new("@winglang/sdk.std.Test",std.Test,this,"test:returns after some time waiting",new $Closure1(this,"$Closure1"));
  }
}
class $App extends $AppBase {
  constructor() {
    super({ outdir: $outdir, name: "main", plugins: $plugins, isTestEnvironment: $wing_is_test });
    if ($wing_is_test) {
      new $Root(this, "env0");
      const $test_runner = this.testRunner;
      const $tests = $test_runner.findTests();
      for (let $i = 1; $i < $tests.length; $i++) {
        new $Root(this, "env" + $i);
      }
    } else {
      new $Root(this, "Default");
    }
  }
}
new $App().synth();
```

