---
source: libs/wingc/src/jsify/captures/tests.rs
expression: "capture_ok(r#\"\n    test \"test\" {\n      class Foo { }\n      class Bar {\n        init() {\n          new Foo();\n        }\n      }\n    }\n    \"#)"
---
======================================================
Captured by $Closure1:

======================================================
Captured by Foo:

======================================================
Captured by Bar:
Types:
  Foo = Foo

======================================================
Files:

inflight.Foo.js
------------------------------------------------------
module.exports = function({  }) {
  class Foo {
     constructor()  {
    }
  }
  return Foo;
}

main.w
------------------------------------------------------

    test "test" {
      class Foo { }
      class Bar {
        init() {
          new Foo();
        }
      }
    }
    
inflight.Bar.js
------------------------------------------------------
module.exports = function({ Foo }) {
  class Bar {
     constructor()  {
      new Foo();
    }
  }
  return Bar;
}

preflight.js
------------------------------------------------------
class $Closure1 extends $stdlib.std.Resource {
  constructor(scope, id, ) {
    super(scope, id);
    this._addInflightOps("handle");
    this.display.hidden = true;
  }
  static _toInflightType(context) {
    return $stdlib.core.NodeJsCode.fromInline(`
      require("./inflight.$Closure1.js")({ 
      })
    `);
  }
  _toInflight() {
    return $stdlib.core.NodeJsCode.fromInline(`
      (await (async () => {
        const client = new (${$Closure1._toInflightType(this).text})({
        });
        if (client.$inflight_init) { await client.$inflight_init(); }
        return client;
      })())
    `);
  }
}
this.node.root.new("@winglang/sdk.std.Test",std.Test,this,"test:test",new $Closure1(this,"$Closure1"));

inflight.$Closure1.js
------------------------------------------------------
module.exports = function({  }) {
  class $Closure1 {
    async $inflight_init()  {
    }
    async handle()  {
      const Foo = require("./inflight.Foo.js")({});
      const Bar = require("./inflight.Bar.js")({Foo});
    }
    constructor({  }) {
      const $obj = (...args) => this.handle(...args);
      Object.setPrototypeOf($obj, this);
      return $obj;
    }
  }
  return $Closure1;
}

