---
source: libs/wingc/src/jsify/captures/tests.rs
expression: "capture_ok(r#\"\n    let s = { \"hello\": \"123\" };\n\n    test \"test\" {\n      assert(s.get(\"hello\").length == 3);\n    }\n    \"#)"
---

    let s = { "hello": "123" };

    test "test" {
      assert(s.get("hello").length == 3);
    }
    
======================================================
Class: $Closure1
Variables:
  handle():
    s => []

