---
source: libs/wingc/src/lib.rs
description: "../../examples/tests/valid/captures.w"
---
// ../../examples/tests/valid/captures.w.out/preflight.js
const $stdlib = require('@winglang/wingsdk');
const $outdir = process.env.WINGSDK_SYNTH_DIR ?? ".";

function __app(target) {
	switch (target) {
		case "sim":
			return $stdlib.sim.App;
		case "tfaws":
		case "tf-aws":
			return $stdlib.tfaws.App;
		default:
			throw new Error(`Unknown WING_TARGET value: "${process.env.WING_TARGET ?? ""}"`);
	}
}
const $App = __app(process.env.WING_TARGET);

const cloud = require('@winglang/wingsdk').cloud;
class MyApp extends $App {
constructor() {
  super({ outdir: $outdir, name: "captures" });
  
  let bucket1 = new cloud.Bucket(this,"cloud.Bucket");
  let bucket2 = new cloud.Bucket(this,"PublicBucket",{
  "public": true,}
  );
  const handler = new $stdlib.core.Inflight({
    code: $stdlib.core.NodeJsCode.fromFile(require('path').resolve(__dirname, "proc.3c27dff7ec53a218a4ca25351afb11c1b197f7bc0fcb9bf4545272c39f486879/index.js")),
    entrypoint: "$proc",
    captures: {
      bucket1: {
        resource: bucket1,
        methods: ["get","list","put"]
      },
      bucket2: {
        resource: bucket2,
        methods: ["get","list","put"]
      },
    }
  });
  new cloud.Function(this,"cloud.Function",handler,{
  "env": {
  
  },}
  );
}
}
new MyApp().synth();
// ../../examples/tests/valid/captures.w.out/proc.3c27dff7ec53a218a4ca25351afb11c1b197f7bc0fcb9bf4545272c39f486879/index.js
async function $proc({ bucket1, bucket2 }, event) {
  bucket1.put("file.txt","data");
  bucket2.get("file.txt");
  bucket2.get("file2.txt");
};

