// Vitest Snapshot v1, https://vitest.dev/guide/snapshot.html

exports[`wing compile -t tf-aws > main.tf.json 1`] = `
{
  "//": {
    "metadata": {
      "backend": "local",
      "stackName": "root",
      "version": "0.15.2",
    },
    "outputs": {},
  },
  "data": {
    "aws_region": {
      "root_Region_A2D17352": {
        "//": {
          "metadata": {
            "path": "root/Default/Region",
            "uniqueId": "root_Region_A2D17352",
          },
        },
      },
    },
  },
  "provider": {
    "aws": [
      {},
    ],
  },
  "resource": {
    "aws_api_gateway_deployment": {
      "root_cloudApi_api_deployment_E29F699A": {
        "//": {
          "metadata": {
            "path": "root/Default/cloud.Api/api/deployment",
            "uniqueId": "root_cloudApi_api_deployment_E29F699A",
          },
        },
        "lifecycle": {
          "create_before_destroy": true,
        },
        "rest_api_id": "\${aws_api_gateway_rest_api.root_cloudApi_api_8C9FE51E.id}",
        "triggers": {
          "redeployment": "5180f619b1ca231e0d7bdc247b65a37d32c2d561",
        },
      },
    },
    "aws_api_gateway_rest_api": {
      "root_cloudApi_api_8C9FE51E": {
        "//": {
          "metadata": {
            "path": "root/Default/cloud.Api/api/api",
            "uniqueId": "root_cloudApi_api_8C9FE51E",
          },
        },
        "body": "{\\"openapi\\":\\"3.0.3\\",\\"paths\\":{\\"/hello/world\\":{\\"get\\":{\\"operationId\\":\\"get-hello/world\\",\\"responses\\":{\\"200\\":{\\"description\\":\\"200 response\\",\\"content\\":{}}},\\"parameters\\":[],\\"x-amazon-apigateway-integration\\":{\\"uri\\":\\"arn:aws:apigateway:\${data.aws_region.root_Region_A2D17352.name}:lambda:path/2015-03-31/functions/\${aws_lambda_function.root_cloudApi_cloudApiOnRequeste46e5cb7_489FDB7E.arn}/invocations\\",\\"type\\":\\"aws_proxy\\",\\"httpMethod\\":\\"POST\\",\\"responses\\":{\\"default\\":{\\"statusCode\\":\\"200\\"}},\\"passthroughBehavior\\":\\"when_no_match\\",\\"contentHandling\\":\\"CONVERT_TO_TEXT\\"}}}}}",
        "name": "api-c895068c",
      },
    },
    "aws_api_gateway_stage": {
      "root_cloudApi_api_stage_57D6284A": {
        "//": {
          "metadata": {
            "path": "root/Default/cloud.Api/api/stage",
            "uniqueId": "root_cloudApi_api_stage_57D6284A",
          },
        },
        "deployment_id": "\${aws_api_gateway_deployment.root_cloudApi_api_deployment_E29F699A.id}",
        "rest_api_id": "\${aws_api_gateway_rest_api.root_cloudApi_api_8C9FE51E.id}",
        "stage_name": "prod",
      },
    },
    "aws_dynamodb_table": {
      "root_cloudCounter_E0AC1263": {
        "//": {
          "metadata": {
            "path": "root/Default/cloud.Counter/Default",
            "uniqueId": "root_cloudCounter_E0AC1263",
          },
        },
        "attribute": [
          {
            "name": "id",
            "type": "S",
          },
        ],
        "billing_mode": "PAY_PER_REQUEST",
        "hash_key": "id",
        "name": "wing-counter-cloud.Counter-c866f225",
      },
    },
    "aws_iam_role": {
      "root_cloudApi_cloudApiOnRequeste46e5cb7_IamRole_15046B29": {
        "//": {
          "metadata": {
            "path": "root/Default/cloud.Api/cloud.Api-OnRequest-e46e5cb7/IamRole",
            "uniqueId": "root_cloudApi_cloudApiOnRequeste46e5cb7_IamRole_15046B29",
          },
        },
        "assume_role_policy": "{\\"Version\\":\\"2012-10-17\\",\\"Statement\\":[{\\"Action\\":\\"sts:AssumeRole\\",\\"Principal\\":{\\"Service\\":\\"lambda.amazonaws.com\\"},\\"Effect\\":\\"Allow\\"}]}",
      },
    },
    "aws_iam_role_policy": {
      "root_cloudApi_cloudApiOnRequeste46e5cb7_IamRolePolicy_0281983F": {
        "//": {
          "metadata": {
            "path": "root/Default/cloud.Api/cloud.Api-OnRequest-e46e5cb7/IamRolePolicy",
            "uniqueId": "root_cloudApi_cloudApiOnRequeste46e5cb7_IamRolePolicy_0281983F",
          },
        },
        "policy": "{\\"Version\\":\\"2012-10-17\\",\\"Statement\\":[{\\"Action\\":[\\"dynamodb:UpdateItem\\"],\\"Resource\\":\\"\${aws_dynamodb_table.root_cloudCounter_E0AC1263.arn}\\",\\"Effect\\":\\"Allow\\"},{\\"Action\\":[\\"dynamodb:GetItem\\"],\\"Resource\\":\\"\${aws_dynamodb_table.root_cloudCounter_E0AC1263.arn}\\",\\"Effect\\":\\"Allow\\"}]}",
        "role": "\${aws_iam_role.root_cloudApi_cloudApiOnRequeste46e5cb7_IamRole_15046B29.name}",
      },
    },
    "aws_iam_role_policy_attachment": {
      "root_cloudApi_cloudApiOnRequeste46e5cb7_IamRolePolicyAttachment_3D2A6333": {
        "//": {
          "metadata": {
            "path": "root/Default/cloud.Api/cloud.Api-OnRequest-e46e5cb7/IamRolePolicyAttachment",
            "uniqueId": "root_cloudApi_cloudApiOnRequeste46e5cb7_IamRolePolicyAttachment_3D2A6333",
          },
        },
        "policy_arn": "arn:aws:iam::aws:policy/service-role/AWSLambdaBasicExecutionRole",
        "role": "\${aws_iam_role.root_cloudApi_cloudApiOnRequeste46e5cb7_IamRole_15046B29.name}",
      },
    },
    "aws_lambda_function": {
      "root_cloudApi_cloudApiOnRequeste46e5cb7_489FDB7E": {
        "//": {
          "metadata": {
            "path": "root/Default/cloud.Api/cloud.Api-OnRequest-e46e5cb7/Default",
            "uniqueId": "root_cloudApi_cloudApiOnRequeste46e5cb7_489FDB7E",
          },
        },
        "environment": {
          "variables": {
            "DYNAMODB_TABLE_NAME_49baa65c": "\${aws_dynamodb_table.root_cloudCounter_E0AC1263.name}",
            "WING_FUNCTION_NAME": "cloud-Api-OnRequest-e46e5cb7-c8fd44c0",
          },
        },
        "function_name": "cloud-Api-OnRequest-e46e5cb7-c8fd44c0",
        "handler": "index.handler",
        "publish": true,
        "role": "\${aws_iam_role.root_cloudApi_cloudApiOnRequeste46e5cb7_IamRole_15046B29.arn}",
        "runtime": "nodejs16.x",
        "s3_bucket": "\${aws_s3_bucket.root_cloudApi_cloudApiOnRequeste46e5cb7_Code_42BF847C.bucket}",
        "s3_key": "\${aws_s3_object.root_cloudApi_cloudApiOnRequeste46e5cb7_S3Object_69EE2256.key}",
        "timeout": 30,
      },
    },
    "aws_lambda_permission": {
      "root_cloudApi_api_permissionGETceca4943_C84933C8": {
        "//": {
          "metadata": {
            "path": "root/Default/cloud.Api/api/permission-GET-ceca4943",
            "uniqueId": "root_cloudApi_api_permissionGETceca4943_C84933C8",
          },
        },
        "action": "lambda:InvokeFunction",
        "function_name": "\${aws_lambda_function.root_cloudApi_cloudApiOnRequeste46e5cb7_489FDB7E.function_name}",
        "principal": "apigateway.amazonaws.com",
        "source_arn": "\${aws_api_gateway_rest_api.root_cloudApi_api_8C9FE51E.execution_arn}/*/GET/hello/world",
        "statement_id": "AllowExecutionFromAPIGateway-GET-ceca4943",
      },
    },
    "aws_s3_bucket": {
      "root_cloudApi_cloudApiOnRequeste46e5cb7_Code_42BF847C": {
        "//": {
          "metadata": {
            "path": "root/Default/cloud.Api/cloud.Api-OnRequest-e46e5cb7/Code",
            "uniqueId": "root_cloudApi_cloudApiOnRequeste46e5cb7_Code_42BF847C",
          },
        },
        "bucket_prefix": "code-c8f42a3b-",
      },
    },
    "aws_s3_object": {
      "root_cloudApi_cloudApiOnRequeste46e5cb7_S3Object_69EE2256": {
        "//": {
          "metadata": {
            "path": "root/Default/cloud.Api/cloud.Api-OnRequest-e46e5cb7/S3Object",
            "uniqueId": "root_cloudApi_cloudApiOnRequeste46e5cb7_S3Object_69EE2256",
          },
        },
        "bucket": "\${aws_s3_bucket.root_cloudApi_cloudApiOnRequeste46e5cb7_Code_42BF847C.bucket}",
        "key": "<ASSET_KEY>",
      },
    },
  },
}
`;

exports[`wing compile -t tf-aws > preflight.js 1`] = `
"const $stdlib = require('@winglang/sdk');
const $outdir = process.env.WING_SYNTH_DIR ?? \\".\\";

function __app(target) {
	switch (target) {
		case \\"sim\\":
			return $stdlib.sim.App;
		case \\"tfaws\\":
		case \\"tf-aws\\":
			return $stdlib.tfaws.App;
		case \\"tf-gcp\\":
			return $stdlib.tfgcp.App;
		case \\"tf-azure\\":
			return $stdlib.tfazure.App;
		default:
			throw new Error(\`Unknown WING_TARGET value: \\"\${process.env.WING_TARGET ?? \\"\\"}\\"\`);
	}
}
const $App = __app(process.env.WING_TARGET);

const cloud = require('@winglang/sdk').cloud;
class MyApp extends $App {
constructor() {
  super({ outdir: $outdir, name: \\"api\\", plugins: $plugins });
  
  const api = this.node.root.newAbstract(\\"@winglang/sdk.cloud.Api\\",this,\\"cloud.Api\\");
  const counter = this.node.root.newAbstract(\\"@winglang/sdk.cloud.Counter\\",this,\\"cloud.Counter\\");
  const handler = new $stdlib.core.Inflight(this, \\"$Inflight1\\", {
    code: $stdlib.core.NodeJsCode.fromFile(require.resolve(\\"./proc.c83263b121750e827ffc19b09e3c0813a9accb33e17a19eae0dbc2680135a09e/index.js\\".replace(/\\\\\\\\/g, \\"/\\"))),
    bindings: {
      counter: {
        obj: counter,
        ops: [\\"dec\\",\\"inc\\",\\"peek\\",\\"reset\\"]
      },
    }
  });
  (api.get(\\"/hello/world\\",handler));
}
}
new MyApp().synth();"
`;

exports[`wing compile -t tf-aws > proc.c83263b121750e827ffc19b09e3c0813a9accb33e17a19eae0dbc2680135a09e/index.js 1`] = `
"async handle(request) { const { counter } = this; {
  const count = (await counter.inc());
  const bodyResponse = Object.freeze({\\"count\\":count});
  const resp = {
  \\"body\\": bodyResponse,
  \\"status\\": 200,}
  ;
  return resp;
} };"
`;

exports[`wing test > stdout 1`] = `"pass ─ api.w (no tests)"`;
