// Jest Snapshot v1, https://goo.gl/fbAQLP

exports[`inflight uses a logger 1`] = `
Object {
  "sdkVersion": "0.0.0",
  "startOrder": Array [
    "main/WingLogger",
    "main/my_function",
  ],
  "tree": Object {
    "children": Object {
      "WingLogger": Object {
        "id": "WingLogger",
        "inbound": Array [
          "main/my_function",
        ],
        "type": "wingsdk.cloud.Logger",
      },
      "my_function": Object {
        "dependsOn": Array [
          "main/WingLogger",
        ],
        "id": "my_function",
        "outbound": Array [
          "main/WingLogger",
        ],
        "props": Object {
          "environmentVariables": Object {
            "LOGGER_HANDLE_065d2483": "\${main/WingLogger#attrs.handle}",
            "WING_SIM_INFLIGHT_RESOURCE_PATH": "main/my_function",
            "WING_SIM_INFLIGHT_RESOURCE_TYPE": "wingsdk.cloud.Function",
          },
          "sourceCodeFile": "assets/my_function/index.js",
          "sourceCodeLanguage": "javascript",
        },
        "type": "wingsdk.cloud.Function",
      },
    },
    "id": "main",
    "type": "constructs.Construct",
  },
}
`;
