// Jest Snapshot v1, https://goo.gl/fbAQLP

exports[`create a topic 1`] = `
Object {
  "app.wsim": Object {
    "resources": Array [
      Object {
        "attrs": Object {},
        "path": "root/WingLogger",
        "props": Object {},
        "type": "wingsdk.cloud.Logger",
      },
      Object {
        "attrs": Object {},
        "path": "root/my_topic",
        "props": Object {
          "subscribers": Array [],
        },
        "type": "wingsdk.cloud.Topic",
      },
    ],
    "sdkVersion": "0.0.0",
  },
  "tree.json": Object {
    "tree": Object {
      "children": Object {
        "WingLogger": Object {
          "attributes": Object {
            "wing:resource:connections": Array [],
            "wing:resource:stateful": true,
          },
          "constructInfo": Object {
            "fqn": "constructs.Construct",
            "version": "10.0.25",
          },
          "id": "WingLogger",
          "path": "root/WingLogger",
        },
        "my_topic": Object {
          "attributes": Object {
            "wing:resource:connections": Array [],
            "wing:resource:stateful": true,
          },
          "constructInfo": Object {
            "fqn": "constructs.Construct",
            "version": "10.0.25",
          },
          "id": "my_topic",
          "path": "root/my_topic",
        },
      },
      "constructInfo": Object {
        "fqn": "constructs.Construct",
        "version": "10.0.25",
      },
      "id": "root",
      "path": "root",
    },
    "version": "tree-0.1",
  },
}
`;
